// Jest Snapshot v1, https://goo.gl/fbAQLP

exports[`Import Output Specification Page renders the page 1`] = `
Object {
  "asFragment": [Function],
  "baseElement": <body>
    <div>
      <div
        class="container"
      >
        <nav
          aria-label="Breadcrumb"
          class="breadcrumb"
          data-testid="breadcrumbs"
        >
          <ol
            class="breadcrumb__items"
          >
            <li
              class="breadcrumb__item u-fs-s"
              id="breadcrumb-1"
            >
              <a
                class="breadcrumb__link"
                href="/import/overview"
              >
                Import Overview
              </a>
            </li>
            <li
              class="breadcrumb__item u-fs-s breadcrumb__item--current"
              data-testid="breadcrumb-current"
              id="breadcrumb-2"
            >
              Output File Specification
            </li>
          </ol>
        </nav>
        <h3>
          Output File Specification
        </h3>
        <div>
          <table
            class="table table--sortable"
            data-aria-asc="ascending"
            data-aria-desc="descending"
            data-aria-sort="Sort by"
            id="basic-table"
          >
            <thead
              class="table__head"
            >
              <tr
                class="table__row"
              >
                <th
                  aria-sort="none"
                  class="table__header "
                  scope="col"
                >
                  <button
                    aria-label="Sort by File Name"
                    class="table__sort-button"
                    data-index="0"
                    type="button"
                  >
                    File Name
                  </button>
                </th>
                <th
                  aria-sort="none"
                  class="table__header "
                  scope="col"
                >
                  <button
                    aria-label="Sort by Import Date"
                    class="table__sort-button"
                    data-index="1"
                    type="button"
                  >
                    Import Date
                  </button>
                </th>
                <th
                  aria-sort="none"
                  class="table__header "
                  scope="col"
                >
                  <button
                    aria-label="Sort by Status"
                    class="table__sort-button"
                    data-index="2"
                    type="button"
                  >
                    Status
                  </button>
                </th>
                <th
                  class="table__header "
                  scope="col"
                />
              </tr>
            </thead>
            <tbody
              class="table__body "
            >
              <tr
                class="table__row nonSelectableTableRow"
                data-testid="table-row"
                tabindex="0"
                title="Table Row"
              >
                <td
                  class="table__cell "
                >
                  APS Person Variable Specification
                </td>
                <td
                  class="table__cell "
                >
                  18/06/1955
                </td>
                <td
                  class="table__cell "
                >
                  <span
                    class="status status--info"
                  >
                    Imported
                  </span>
                </td>
                <td
                  class="table__cell "
                >
                  <a
                    class="breadcrumb__link"
                    href="/import/APS Person Variable Specification"
                  >
                    Import
                  </a>
                </td>
              </tr>
              <tr
                class="table__row nonSelectableTableRow"
                data-testid="table-row"
                tabindex="0"
                title="Table Row"
              >
                <td
                  class="table__cell "
                >
                  APS Household Variable Specification
                </td>
                <td
                  class="table__cell "
                >
                  18/06/1955
                </td>
                <td
                  class="table__cell "
                >
                  <span
                    class="status status--info"
                  >
                    Imported
                  </span>
                </td>
                <td
                  class="table__cell "
                >
                  <a
                    class="breadcrumb__link"
                    href="/import/APS Household Variable Specification"
                  >
                    Import
                  </a>
                </td>
              </tr>
              <tr
                class="table__row nonSelectableTableRow"
                data-testid="table-row"
                tabindex="0"
                title="Table Row"
              >
                <td
                  class="table__cell "
                >
                  Eurostat Variable Specification
                </td>
                <td
                  class="table__cell "
                >
                  18/06/1955
                </td>
                <td
                  class="table__cell "
                >
                  <span
                    class="status status--info"
                  >
                    Not Imported
                  </span>
                </td>
                <td
                  class="table__cell "
                >
                  <a
                    class="breadcrumb__link"
                    href="/import/Eurostat Variable Specification"
                  >
                    Import
                  </a>
                </td>
              </tr>
              <tr
                class="table__row nonSelectableTableRow"
                data-testid="table-row"
                tabindex="0"
                title="Table Row"
              >
                <td
                  class="table__cell "
                >
                  LFS Household Variable Specification
                </td>
                <td
                  class="table__cell "
                >
                  18/06/1955
                </td>
                <td
                  class="table__cell "
                >
                  <span
                    class="status status--info"
                  >
                    File Older than One year
                  </span>
                </td>
                <td
                  class="table__cell "
                >
                  <a
                    class="breadcrumb__link"
                    href="/import/LFS Household Variable Specification"
                  >
                    Import
                  </a>
                </td>
              </tr>
              <tr
                class="table__row nonSelectableTableRow"
                data-testid="table-row"
                tabindex="0"
                title="Table Row"
              >
                <td
                  class="table__cell "
                >
                  LFS Person Variable Specification
                </td>
                <td
                  class="table__cell "
                >
                  18/06/1955
                </td>
                <td
                  class="table__cell "
                >
                  <span
                    class="status status--info"
                  >
                    Imported
                  </span>
                </td>
                <td
                  class="table__cell "
                >
                  <a
                    class="breadcrumb__link"
                    href="/import/LFS Person Variable Specification"
                  >
                    Import
                  </a>
                </td>
              </tr>
            </tbody>
          </table>
        </div>
      </div>
    </div>
  </body>,
  "container": <div>
    <div
      class="container"
    >
      <nav
        aria-label="Breadcrumb"
        class="breadcrumb"
        data-testid="breadcrumbs"
      >
        <ol
          class="breadcrumb__items"
        >
          <li
            class="breadcrumb__item u-fs-s"
            id="breadcrumb-1"
          >
            <a
              class="breadcrumb__link"
              href="/import/overview"
            >
              Import Overview
            </a>
          </li>
          <li
            class="breadcrumb__item u-fs-s breadcrumb__item--current"
            data-testid="breadcrumb-current"
            id="breadcrumb-2"
          >
            Output File Specification
          </li>
        </ol>
      </nav>
      <h3>
        Output File Specification
      </h3>
      <div>
        <table
          class="table table--sortable"
          data-aria-asc="ascending"
          data-aria-desc="descending"
          data-aria-sort="Sort by"
          id="basic-table"
        >
          <thead
            class="table__head"
          >
            <tr
              class="table__row"
            >
              <th
                aria-sort="none"
                class="table__header "
                scope="col"
              >
                <button
                  aria-label="Sort by File Name"
                  class="table__sort-button"
                  data-index="0"
                  type="button"
                >
                  File Name
                </button>
              </th>
              <th
                aria-sort="none"
                class="table__header "
                scope="col"
              >
                <button
                  aria-label="Sort by Import Date"
                  class="table__sort-button"
                  data-index="1"
                  type="button"
                >
                  Import Date
                </button>
              </th>
              <th
                aria-sort="none"
                class="table__header "
                scope="col"
              >
                <button
                  aria-label="Sort by Status"
                  class="table__sort-button"
                  data-index="2"
                  type="button"
                >
                  Status
                </button>
              </th>
              <th
                class="table__header "
                scope="col"
              />
            </tr>
          </thead>
          <tbody
            class="table__body "
          >
            <tr
              class="table__row nonSelectableTableRow"
              data-testid="table-row"
              tabindex="0"
              title="Table Row"
            >
              <td
                class="table__cell "
              >
                APS Person Variable Specification
              </td>
              <td
                class="table__cell "
              >
                18/06/1955
              </td>
              <td
                class="table__cell "
              >
                <span
                  class="status status--info"
                >
                  Imported
                </span>
              </td>
              <td
                class="table__cell "
              >
                <a
                  class="breadcrumb__link"
                  href="/import/APS Person Variable Specification"
                >
                  Import
                </a>
              </td>
            </tr>
            <tr
              class="table__row nonSelectableTableRow"
              data-testid="table-row"
              tabindex="0"
              title="Table Row"
            >
              <td
                class="table__cell "
              >
                APS Household Variable Specification
              </td>
              <td
                class="table__cell "
              >
                18/06/1955
              </td>
              <td
                class="table__cell "
              >
                <span
                  class="status status--info"
                >
                  Imported
                </span>
              </td>
              <td
                class="table__cell "
              >
                <a
                  class="breadcrumb__link"
                  href="/import/APS Household Variable Specification"
                >
                  Import
                </a>
              </td>
            </tr>
            <tr
              class="table__row nonSelectableTableRow"
              data-testid="table-row"
              tabindex="0"
              title="Table Row"
            >
              <td
                class="table__cell "
              >
                Eurostat Variable Specification
              </td>
              <td
                class="table__cell "
              >
                18/06/1955
              </td>
              <td
                class="table__cell "
              >
                <span
                  class="status status--info"
                >
                  Not Imported
                </span>
              </td>
              <td
                class="table__cell "
              >
                <a
                  class="breadcrumb__link"
                  href="/import/Eurostat Variable Specification"
                >
                  Import
                </a>
              </td>
            </tr>
            <tr
              class="table__row nonSelectableTableRow"
              data-testid="table-row"
              tabindex="0"
              title="Table Row"
            >
              <td
                class="table__cell "
              >
                LFS Household Variable Specification
              </td>
              <td
                class="table__cell "
              >
                18/06/1955
              </td>
              <td
                class="table__cell "
              >
                <span
                  class="status status--info"
                >
                  File Older than One year
                </span>
              </td>
              <td
                class="table__cell "
              >
                <a
                  class="breadcrumb__link"
                  href="/import/LFS Household Variable Specification"
                >
                  Import
                </a>
              </td>
            </tr>
            <tr
              class="table__row nonSelectableTableRow"
              data-testid="table-row"
              tabindex="0"
              title="Table Row"
            >
              <td
                class="table__cell "
              >
                LFS Person Variable Specification
              </td>
              <td
                class="table__cell "
              >
                18/06/1955
              </td>
              <td
                class="table__cell "
              >
                <span
                  class="status status--info"
                >
                  Imported
                </span>
              </td>
              <td
                class="table__cell "
              >
                <a
                  class="breadcrumb__link"
                  href="/import/LFS Person Variable Specification"
                >
                  Import
                </a>
              </td>
            </tr>
          </tbody>
        </table>
      </div>
    </div>
  </div>,
  "debug": [Function],
  "findAllByAltText": [Function],
  "findAllByDisplayValue": [Function],
  "findAllByLabelText": [Function],
  "findAllByPlaceholderText": [Function],
  "findAllByRole": [Function],
  "findAllByTestId": [Function],
  "findAllByText": [Function],
  "findAllByTitle": [Function],
  "findByAltText": [Function],
  "findByDisplayValue": [Function],
  "findByLabelText": [Function],
  "findByPlaceholderText": [Function],
  "findByRole": [Function],
  "findByTestId": [Function],
  "findByText": [Function],
  "findByTitle": [Function],
  "getAllByAltText": [Function],
  "getAllByDisplayValue": [Function],
  "getAllByLabelText": [Function],
  "getAllByPlaceholderText": [Function],
  "getAllByRole": [Function],
  "getAllByTestId": [Function],
  "getAllByText": [Function],
  "getAllByTitle": [Function],
  "getByAltText": [Function],
  "getByDisplayValue": [Function],
  "getByLabelText": [Function],
  "getByPlaceholderText": [Function],
  "getByRole": [Function],
  "getByTestId": [Function],
  "getByText": [Function],
  "getByTitle": [Function],
  "queryAllByAltText": [Function],
  "queryAllByDisplayValue": [Function],
  "queryAllByLabelText": [Function],
  "queryAllByPlaceholderText": [Function],
  "queryAllByRole": [Function],
  "queryAllByTestId": [Function],
  "queryAllByText": [Function],
  "queryAllByTitle": [Function],
  "queryByAltText": [Function],
  "queryByDisplayValue": [Function],
  "queryByLabelText": [Function],
  "queryByPlaceholderText": [Function],
  "queryByRole": [Function],
  "queryByTestId": [Function],
  "queryByText": [Function],
  "queryByTitle": [Function],
  "rerender": [Function],
  "unmount": [Function],
}
`;
