// Jest Snapshot v1, https://goo.gl/fbAQLP

exports[`Admin - User Management Page renders the page 1`] = `
Object {
  "asFragment": [Function],
  "baseElement": <body>
    <div>
      <div
        class="container"
      >
        <br />
        <table
          class="table table--sortable"
          data-aria-asc="ascending"
          data-aria-desc="descending"
          data-aria-sort="Sort by"
          id="basic-table"
        >
          <thead
            class="table__head"
          >
            <tr
              class="table__row"
            >
              <th
                aria-sort="none"
                class="table__header "
                scope="col"
              >
                <button
                  aria-label="Sort by Role Name"
                  class="table__sort-button"
                  data-index="0"
                  type="button"
                >
                  Role Name
                </button>
              </th>
              <th
                class="table__header "
                scope="col"
              >
                Page Access
              </th>
            </tr>
          </thead>
          <tbody
            class="table__body "
          >
            <tr>
              <td
                class="table__cell "
                colspan="2"
              >
                <div
                  class="panel panel--info panel--simple "
                >
                  <div
                    class="panel__body"
                  >
                    <p>
                      No Roles Found
                    </p>
                  </div>
                </div>
              </td>
            </tr>
          </tbody>
        </table>
        <button
          class="btn btn--secondary "
          data-testid="button"
          type="button"
        >
          <span
            class="btn__inner"
          >
            New User
          </span>
        </button>
        <hr />
        <table
          class="table table--sortable"
          data-aria-asc="ascending"
          data-aria-desc="descending"
          data-aria-sort="Sort by"
          id="basic-table"
        >
          <thead
            class="table__head"
          >
            <tr
              class="table__row"
            >
              <th
                aria-sort="none"
                class="table__header "
                scope="col"
              >
                <button
                  aria-label="Sort by User_ID"
                  class="table__sort-button"
                  data-index="0"
                  type="button"
                >
                  User_ID
                </button>
              </th>
              <th
                aria-sort="none"
                class="table__header "
                scope="col"
              >
                <button
                  aria-label="Sort by Username"
                  class="table__sort-button"
                  data-index="1"
                  type="button"
                >
                  Username
                </button>
              </th>
              <th
                class="table__header "
                scope="col"
              >
                Password
              </th>
              <th
                aria-sort="none"
                class="table__header "
                scope="col"
              >
                <button
                  aria-label="Sort by Role"
                  class="table__sort-button"
                  data-index="3"
                  type="button"
                >
                  Role
                </button>
              </th>
            </tr>
          </thead>
          <tbody
            class="table__body "
          >
            <tr>
              <td
                class="table__cell "
                colspan="4"
              >
                <div
                  class="panel panel--info panel--simple "
                >
                  <div
                    class="panel__body"
                  >
                    <p>
                      No Users Found
                    </p>
                  </div>
                </div>
              </td>
            </tr>
          </tbody>
        </table>
        <div
          hidden=""
        >
          <nav
            aria-label="Pagination (Page 1 of 0)"
            class="pagination "
          >
            <div
              class="pagination__position"
            >
              Page 
              1
               of 
              0
            </div>
            <ul
              class="pagination__items"
              style="margin-left: 0px;"
            >
              <li
                class="pagination__item pagination__item--current"
                style="cursor: pointer;"
              >
                <button
                  aria-label="Go to page 1"
                  class="pagination__link"
                  id="link"
                  style="cursor: pointer; outline: 0; text-decoration: underline;"
                >
                  1
                </button>
              </li>
              <li
                class="pagination__item pageination__item--gap"
              >
                …
              </li>
              <li
                class="pagination__item pageination__item--gap"
              >
                …
              </li>
              <li
                class="pagination__item "
                style="cursor: pointer;"
              >
                <button
                  aria-label="Go to page 0"
                  class="pagination__link"
                  id="link"
                  style="cursor: pointer; outline: 0; text-decoration: underline;"
                >
                  0
                </button>
              </li>
            </ul>
          </nav>
        </div>
      </div>
    </div>
  </body>,
  "container": <div>
    <div
      class="container"
    >
      <br />
      <table
        class="table table--sortable"
        data-aria-asc="ascending"
        data-aria-desc="descending"
        data-aria-sort="Sort by"
        id="basic-table"
      >
        <thead
          class="table__head"
        >
          <tr
            class="table__row"
          >
            <th
              aria-sort="none"
              class="table__header "
              scope="col"
            >
              <button
                aria-label="Sort by Role Name"
                class="table__sort-button"
                data-index="0"
                type="button"
              >
                Role Name
              </button>
            </th>
            <th
              class="table__header "
              scope="col"
            >
              Page Access
            </th>
          </tr>
        </thead>
        <tbody
          class="table__body "
        >
          <tr>
            <td
              class="table__cell "
              colspan="2"
            >
              <div
                class="panel panel--info panel--simple "
              >
                <div
                  class="panel__body"
                >
                  <p>
                    No Roles Found
                  </p>
                </div>
              </div>
            </td>
          </tr>
        </tbody>
      </table>
      <button
        class="btn btn--secondary "
        data-testid="button"
        type="button"
      >
        <span
          class="btn__inner"
        >
          New User
        </span>
      </button>
      <hr />
      <table
        class="table table--sortable"
        data-aria-asc="ascending"
        data-aria-desc="descending"
        data-aria-sort="Sort by"
        id="basic-table"
      >
        <thead
          class="table__head"
        >
          <tr
            class="table__row"
          >
            <th
              aria-sort="none"
              class="table__header "
              scope="col"
            >
              <button
                aria-label="Sort by User_ID"
                class="table__sort-button"
                data-index="0"
                type="button"
              >
                User_ID
              </button>
            </th>
            <th
              aria-sort="none"
              class="table__header "
              scope="col"
            >
              <button
                aria-label="Sort by Username"
                class="table__sort-button"
                data-index="1"
                type="button"
              >
                Username
              </button>
            </th>
            <th
              class="table__header "
              scope="col"
            >
              Password
            </th>
            <th
              aria-sort="none"
              class="table__header "
              scope="col"
            >
              <button
                aria-label="Sort by Role"
                class="table__sort-button"
                data-index="3"
                type="button"
              >
                Role
              </button>
            </th>
          </tr>
        </thead>
        <tbody
          class="table__body "
        >
          <tr>
            <td
              class="table__cell "
              colspan="4"
            >
              <div
                class="panel panel--info panel--simple "
              >
                <div
                  class="panel__body"
                >
                  <p>
                    No Users Found
                  </p>
                </div>
              </div>
            </td>
          </tr>
        </tbody>
      </table>
      <div
        hidden=""
      >
        <nav
          aria-label="Pagination (Page 1 of 0)"
          class="pagination "
        >
          <div
            class="pagination__position"
          >
            Page 
            1
             of 
            0
          </div>
          <ul
            class="pagination__items"
            style="margin-left: 0px;"
          >
            <li
              class="pagination__item pagination__item--current"
              style="cursor: pointer;"
            >
              <button
                aria-label="Go to page 1"
                class="pagination__link"
                id="link"
                style="cursor: pointer; outline: 0; text-decoration: underline;"
              >
                1
              </button>
            </li>
            <li
              class="pagination__item pageination__item--gap"
            >
              …
            </li>
            <li
              class="pagination__item pageination__item--gap"
            >
              …
            </li>
            <li
              class="pagination__item "
              style="cursor: pointer;"
            >
              <button
                aria-label="Go to page 0"
                class="pagination__link"
                id="link"
                style="cursor: pointer; outline: 0; text-decoration: underline;"
              >
                0
              </button>
            </li>
          </ul>
        </nav>
      </div>
    </div>
  </div>,
  "debug": [Function],
  "findAllByAltText": [Function],
  "findAllByDisplayValue": [Function],
  "findAllByLabelText": [Function],
  "findAllByPlaceholderText": [Function],
  "findAllByRole": [Function],
  "findAllByTestId": [Function],
  "findAllByText": [Function],
  "findAllByTitle": [Function],
  "findByAltText": [Function],
  "findByDisplayValue": [Function],
  "findByLabelText": [Function],
  "findByPlaceholderText": [Function],
  "findByRole": [Function],
  "findByTestId": [Function],
  "findByText": [Function],
  "findByTitle": [Function],
  "getAllByAltText": [Function],
  "getAllByDisplayValue": [Function],
  "getAllByLabelText": [Function],
  "getAllByPlaceholderText": [Function],
  "getAllByRole": [Function],
  "getAllByTestId": [Function],
  "getAllByText": [Function],
  "getAllByTitle": [Function],
  "getByAltText": [Function],
  "getByDisplayValue": [Function],
  "getByLabelText": [Function],
  "getByPlaceholderText": [Function],
  "getByRole": [Function],
  "getByTestId": [Function],
  "getByText": [Function],
  "getByTitle": [Function],
  "queryAllByAltText": [Function],
  "queryAllByDisplayValue": [Function],
  "queryAllByLabelText": [Function],
  "queryAllByPlaceholderText": [Function],
  "queryAllByRole": [Function],
  "queryAllByTestId": [Function],
  "queryAllByText": [Function],
  "queryAllByTitle": [Function],
  "queryByAltText": [Function],
  "queryByDisplayValue": [Function],
  "queryByLabelText": [Function],
  "queryByPlaceholderText": [Function],
  "queryByRole": [Function],
  "queryByTestId": [Function],
  "queryByText": [Function],
  "queryByTitle": [Function],
  "rerender": [Function],
  "unmount": [Function],
}
`;
