// Jest Snapshot v1, https://goo.gl/fbAQLP

exports[`Home Page renders the page 1`] = `
Object {
  "asFragment": [Function],
  "baseElement": <body>
    <div>
      <div
        class="container"
      >
        <br />
        <fieldset
          class="fieldset"
        >
          <a
            href="/new-batch"
            style="right: 0px; float: right;"
          >
            <button
              class="btn btn--link field "
              data-testid="button"
              type="button"
            >
              <span
                class="btn__inner"
              >
                Create New Batch
              </span>
            </button>
          </a>
          <h4
            class="fieldset__legend"
          >
            Filter Batches
          </h4>
          <p
            class="checkboxes__label"
          >
            Batch Status
          </p>
          <span
            class="radios__items"
          >
            <p
              class="radios__item"
              style="margin-right: .5rem; min-width: 15rem;"
            >
              <span
                class="radio"
              >
                <input
                  checked=""
                  class="radio__input js-radio"
                  id="live"
                  name="Live"
                  type="radio"
                  value="live"
                />
                <label
                  class="radio__label "
                  for="live"
                >
                  Live
                </label>
              </span>
            </p>
            <p
              class="radios__item"
              style="margin-right: .5rem; min-width: 15rem;"
            >
              <span
                class="radio"
              >
                <input
                  class="radio__input js-radio"
                  id="completed"
                  name="Completed"
                  type="radio"
                  value="completed"
                />
                <label
                  class="radio__label "
                  for="completed"
                >
                  Completed
                </label>
              </span>
            </p>
            <br />
          </span>
          <p
            class="checkboxes__label"
          >
            Batch Type
          </p>
          <span
            class="checkboxes__items"
          >
            <p
              class="checkboxes__item"
              style="margin-right: .5rem; min-width: 15rem;"
            >
              <span
                class="checkbox "
              >
                <input
                  checked=""
                  class="checkbox__input js-checkbox "
                  id="Monthly"
                  name="Monthly"
                  type="checkbox"
                  value="Monthly"
                />
                <label
                  class="checkbox__label "
                  for="Monthly"
                >
                  Monthly
                </label>
              </span>
            </p>
            <p
              class="checkboxes__item"
              style="margin-right: .5rem; min-width: 15rem;"
            >
              <span
                class="checkbox "
              >
                <input
                  checked=""
                  class="checkbox__input js-checkbox "
                  id="Quarterly"
                  name="Quarterly"
                  type="checkbox"
                  value="Quarterly"
                />
                <label
                  class="checkbox__label "
                  for="Quarterly"
                >
                  Quarterly
                </label>
              </span>
            </p>
            <p
              class="checkboxes__item"
              style="margin-right: .5rem; min-width: 15rem;"
            >
              <span
                class="checkbox "
              >
                <input
                  checked=""
                  class="checkbox__input js-checkbox "
                  id="Annually"
                  name="Annually"
                  type="checkbox"
                  value="Annually"
                />
                <label
                  class="checkbox__label "
                  for="Annually"
                >
                  Annually
                </label>
              </span>
            </p>
          </span>
        </fieldset>
        <table
          class="table table--sortable"
          data-aria-asc="ascending"
          data-aria-desc="descending"
          data-aria-sort="Sort by"
          id="basic-table"
        >
          <thead
            class="table__head"
          >
            <tr
              class="table__row"
            >
              <th
                aria-sort="none"
                class="table__header "
                scope="col"
              />
              <th
                class="table__header "
                scope="col"
              >
                BatchID
              </th>
              <th
                class="table__header "
                scope="col"
              >
                Batch Type
              </th>
              <th
                aria-sort="none"
                class="table__header "
                scope="col"
              >
                <button
                  aria-label="Sort by Period"
                  class="table__sort-button"
                  data-index="2"
                  type="button"
                >
                  Period
                </button>
              </th>
              <th
                aria-sort="none"
                class="table__header "
                scope="col"
              >
                <button
                  aria-label="Sort by Year"
                  class="table__sort-button"
                  data-index="3"
                  type="button"
                >
                  Year
                </button>
              </th>
              <th
                aria-sort="none"
                class="table__header "
                scope="col"
              >
                <button
                  aria-label="Sort by Status"
                  class="table__sort-button"
                  data-index="4"
                  type="button"
                >
                  Status
                </button>
              </th>
            </tr>
          </thead>
          <tbody
            class="table__body expandedRowEnabled "
          >
            <tr>
              <td
                class="table__cell "
                colspan="6"
              >
                <div
                  class="panel panel--info panel--simple "
                >
                  <div
                    class="panel__body"
                  >
                    <p>
                      No Batches matching this criteria
                    </p>
                  </div>
                </div>
              </td>
            </tr>
          </tbody>
        </table>
      </div>
    </div>
  </body>,
  "container": <div>
    <div
      class="container"
    >
      <br />
      <fieldset
        class="fieldset"
      >
        <a
          href="/new-batch"
          style="right: 0px; float: right;"
        >
          <button
            class="btn btn--link field "
            data-testid="button"
            type="button"
          >
            <span
              class="btn__inner"
            >
              Create New Batch
            </span>
          </button>
        </a>
        <h4
          class="fieldset__legend"
        >
          Filter Batches
        </h4>
        <p
          class="checkboxes__label"
        >
          Batch Status
        </p>
        <span
          class="radios__items"
        >
          <p
            class="radios__item"
            style="margin-right: .5rem; min-width: 15rem;"
          >
            <span
              class="radio"
            >
              <input
                checked=""
                class="radio__input js-radio"
                id="live"
                name="Live"
                type="radio"
                value="live"
              />
              <label
                class="radio__label "
                for="live"
              >
                Live
              </label>
            </span>
          </p>
          <p
            class="radios__item"
            style="margin-right: .5rem; min-width: 15rem;"
          >
            <span
              class="radio"
            >
              <input
                class="radio__input js-radio"
                id="completed"
                name="Completed"
                type="radio"
                value="completed"
              />
              <label
                class="radio__label "
                for="completed"
              >
                Completed
              </label>
            </span>
          </p>
          <br />
        </span>
        <p
          class="checkboxes__label"
        >
          Batch Type
        </p>
        <span
          class="checkboxes__items"
        >
          <p
            class="checkboxes__item"
            style="margin-right: .5rem; min-width: 15rem;"
          >
            <span
              class="checkbox "
            >
              <input
                checked=""
                class="checkbox__input js-checkbox "
                id="Monthly"
                name="Monthly"
                type="checkbox"
                value="Monthly"
              />
              <label
                class="checkbox__label "
                for="Monthly"
              >
                Monthly
              </label>
            </span>
          </p>
          <p
            class="checkboxes__item"
            style="margin-right: .5rem; min-width: 15rem;"
          >
            <span
              class="checkbox "
            >
              <input
                checked=""
                class="checkbox__input js-checkbox "
                id="Quarterly"
                name="Quarterly"
                type="checkbox"
                value="Quarterly"
              />
              <label
                class="checkbox__label "
                for="Quarterly"
              >
                Quarterly
              </label>
            </span>
          </p>
          <p
            class="checkboxes__item"
            style="margin-right: .5rem; min-width: 15rem;"
          >
            <span
              class="checkbox "
            >
              <input
                checked=""
                class="checkbox__input js-checkbox "
                id="Annually"
                name="Annually"
                type="checkbox"
                value="Annually"
              />
              <label
                class="checkbox__label "
                for="Annually"
              >
                Annually
              </label>
            </span>
          </p>
        </span>
      </fieldset>
      <table
        class="table table--sortable"
        data-aria-asc="ascending"
        data-aria-desc="descending"
        data-aria-sort="Sort by"
        id="basic-table"
      >
        <thead
          class="table__head"
        >
          <tr
            class="table__row"
          >
            <th
              aria-sort="none"
              class="table__header "
              scope="col"
            />
            <th
              class="table__header "
              scope="col"
            >
              BatchID
            </th>
            <th
              class="table__header "
              scope="col"
            >
              Batch Type
            </th>
            <th
              aria-sort="none"
              class="table__header "
              scope="col"
            >
              <button
                aria-label="Sort by Period"
                class="table__sort-button"
                data-index="2"
                type="button"
              >
                Period
              </button>
            </th>
            <th
              aria-sort="none"
              class="table__header "
              scope="col"
            >
              <button
                aria-label="Sort by Year"
                class="table__sort-button"
                data-index="3"
                type="button"
              >
                Year
              </button>
            </th>
            <th
              aria-sort="none"
              class="table__header "
              scope="col"
            >
              <button
                aria-label="Sort by Status"
                class="table__sort-button"
                data-index="4"
                type="button"
              >
                Status
              </button>
            </th>
          </tr>
        </thead>
        <tbody
          class="table__body expandedRowEnabled "
        >
          <tr>
            <td
              class="table__cell "
              colspan="6"
            >
              <div
                class="panel panel--info panel--simple "
              >
                <div
                  class="panel__body"
                >
                  <p>
                    No Batches matching this criteria
                  </p>
                </div>
              </div>
            </td>
          </tr>
        </tbody>
      </table>
    </div>
  </div>,
  "debug": [Function],
  "findAllByAltText": [Function],
  "findAllByDisplayValue": [Function],
  "findAllByLabelText": [Function],
  "findAllByPlaceholderText": [Function],
  "findAllByRole": [Function],
  "findAllByTestId": [Function],
  "findAllByText": [Function],
  "findAllByTitle": [Function],
  "findByAltText": [Function],
  "findByDisplayValue": [Function],
  "findByLabelText": [Function],
  "findByPlaceholderText": [Function],
  "findByRole": [Function],
  "findByTestId": [Function],
  "findByText": [Function],
  "findByTitle": [Function],
  "getAllByAltText": [Function],
  "getAllByDisplayValue": [Function],
  "getAllByLabelText": [Function],
  "getAllByPlaceholderText": [Function],
  "getAllByRole": [Function],
  "getAllByTestId": [Function],
  "getAllByText": [Function],
  "getAllByTitle": [Function],
  "getByAltText": [Function],
  "getByDisplayValue": [Function],
  "getByLabelText": [Function],
  "getByPlaceholderText": [Function],
  "getByRole": [Function],
  "getByTestId": [Function],
  "getByText": [Function],
  "getByTitle": [Function],
  "queryAllByAltText": [Function],
  "queryAllByDisplayValue": [Function],
  "queryAllByLabelText": [Function],
  "queryAllByPlaceholderText": [Function],
  "queryAllByRole": [Function],
  "queryAllByTestId": [Function],
  "queryAllByText": [Function],
  "queryAllByTitle": [Function],
  "queryByAltText": [Function],
  "queryByDisplayValue": [Function],
  "queryByLabelText": [Function],
  "queryByPlaceholderText": [Function],
  "queryByRole": [Function],
  "queryByTestId": [Function],
  "queryByText": [Function],
  "queryByTitle": [Function],
  "rerender": [Function],
  "unmount": [Function],
}
`;
