// Jest Snapshot v1, https://goo.gl/fbAQLP

exports[`ONS Accordion Table Test matches Snapshot 1`] = `ShallowWrapper {}`;
