// Jest Snapshot v1, https://goo.gl/fbAQLP

exports[`ONS Button Test matches Snapshot 1`] = `ShallowWrapper {}`;
