// Jest Snapshot v1, https://goo.gl/fbAQLP

exports[`ONS Breadcrumbs Test matches Snapshot 1`] = `ShallowWrapper {}`;
