// Jest Snapshot v1, https://goo.gl/fbAQLP

exports[`ONS Checkbox Test matches Snapshot 1`] = `ShallowWrapper {}`;
