// Jest Snapshot v1, https://goo.gl/fbAQLP

exports[`ONS Date Input matches Snapshot 1`] = `ShallowWrapper {}`;
