// Jest Snapshot v1, https://goo.gl/fbAQLP

exports[`ONS In Dev Banner Test matches Snapshot 1`] = `ShallowWrapper {}`;
