// Jest Snapshot v1, https://goo.gl/fbAQLP

exports[`ONS Label Test matches Snapshot 1`] = `ShallowWrapper {}`;
