// Jest Snapshot v1, https://goo.gl/fbAQLP

exports[`ONS MetaData Test matches Snapshot 1`] = `ShallowWrapper {}`;
