// Jest Snapshot v1, https://goo.gl/fbAQLP

exports[`ONS Pagination Test matches Snapshot 1`] = `ShallowWrapper {}`;
