// Jest Snapshot v1, https://goo.gl/fbAQLP

exports[`ONS Progress Bar Test matches Snapshot 1`] = `ShallowWrapper {}`;
