// Jest Snapshot v1, https://goo.gl/fbAQLP

exports[`ONS Password Input Test matches Snapshot 1`] = `ShallowWrapper {}`;
