// Jest Snapshot v1, https://goo.gl/fbAQLP

exports[`ONS Panel Test matches Snapshot 1`] = `ShallowWrapper {}`;
