// Jest Snapshot v1, https://goo.gl/fbAQLP

exports[`ONS Radio Button Test matches Snapshot 1`] = `ShallowWrapper {}`;
