// Jest Snapshot v1, https://goo.gl/fbAQLP

exports[`ONS Submit Button Test matches Snapshot 1`] = `ShallowWrapper {}`;
