// Jest Snapshot v1, https://goo.gl/fbAQLP

exports[`ONS Status Test matches Snapshot 1`] = `ShallowWrapper {}`;
