// Jest Snapshot v1, https://goo.gl/fbAQLP

exports[`ONS Select Test matches Snapshot 1`] = `ShallowWrapper {}`;
