// Jest Snapshot v1, https://goo.gl/fbAQLP

exports[`ONS Text Input With Button Test matches Snapshot 1`] = `ShallowWrapper {}`;
