// Jest Snapshot v1, https://goo.gl/fbAQLP

exports[`ONS Tabs Test matches Snapshot 1`] = `ShallowWrapper {}`;
