// Jest Snapshot v1, https://goo.gl/fbAQLP

exports[`ONS Text Input Test matches Snapshot 1`] = `ShallowWrapper {}`;
